version https://git-lfs.github.com/spec/v1
oid sha256:36966b2276b667b2b92992972ac15d9620e954053599af58c6967f6784af720a
size 176816128
