version https://git-lfs.github.com/spec/v1
oid sha256:955d17a87afe56e287bc7808ff05680a2aed1faa983e351e089ecf68fd2dff1a
size 50201598
