version https://git-lfs.github.com/spec/v1
oid sha256:2699f923ca43e95e48e051a32b5921a19d4ed1799c4d14c2872034cf8e7450a4
size 110153131
